<html>
<body>
<pre>
<h1>礦ision Build Log</h1>
<h2>Tool Versions:</h2>
IDE-Version: μVision V5.29.0.0
Copyright (C) 2019 ARM Ltd and ARM Germany GmbH. All rights reserved.
License Information: 123 2236167155@qq.com, 13, LIC=TA39H-W1GX6-NTC3G-VHFU4-55IIS-DJTYU
 
Tool Versions:
Toolchain:       MDK-ARM Professional  Version: 5.29.0.0
Toolchain Path:  E:\KEIL_MDK\ARM\ARMCC\Bin
C Compiler:      Armcc.exe V5.06 update 6 (build 750)
Assembler:       Armasm.exe V5.06 update 6 (build 750)
Linker/Locator:  ArmLink.exe V5.06 update 6 (build 750)
Library Manager: ArmAr.exe V5.06 update 6 (build 750)
Hex Converter:   FromElf.exe V5.06 update 6 (build 750)
CPU DLL:         SARMCM3.DLL V5.29.0.0
Dialog DLL:      DCM.DLL V1.17.3.0
Target DLL:      STLink\ST-LINKIII-KEIL_SWO.dll V3.0.7.0
Dialog DLL:      TCM.DLL V1.36.5.0
 
<h2>Project:</h2>
C:\Users\Jason\Desktop\新建文件夹\mini_car\USER\Template.uvprojx
Project File Date:  07/21/2022

<h2>Output:</h2>
*** Using Compiler 'V5.06 update 6 (build 750)', folder: 'E:\KEIL_MDK\ARM\ARMCC\Bin'
Rebuild target 'Template'
compiling core_cm3.c...
assembling startup_stm32f10x_hd.s...
compiling usart.c...
compiling delay.c...
compiling stm32f10x_it.c...
compiling main.c...
main.c(21): warning:  #177-D: variable "led0pwmval"  was declared but never referenced
  	 u16 led0pwmval=100;
main.c(22): warning:  #177-D: variable "dir"  was declared but never referenced
  	 u8 dir=1;	
main.c: 2 warnings, 0 errors
compiling system_stm32f10x.c...
compiling sys.c...
compiling misc.c...
compiling stm32f10x_cec.c...
compiling stm32f10x_bkp.c...
compiling stm32f10x_adc.c...
compiling stm32f10x_crc.c...
compiling stm32f10x_can.c...
compiling stm32f10x_dac.c...
compiling stm32f10x_dbgmcu.c...
compiling stm32f10x_dma.c...
compiling stm32f10x_exti.c...
compiling stm32f10x_gpio.c...
compiling stm32f10x_flash.c...
compiling stm32f10x_fsmc.c...
compiling stm32f10x_i2c.c...
compiling stm32f10x_iwdg.c...
compiling stm32f10x_pwr.c...
compiling stm32f10x_rcc.c...
compiling stm32f10x_spi.c...
compiling stm32f10x_rtc.c...
compiling stm32f10x_sdio.c...
compiling stm32f10x_tim.c...
compiling stm32f10x_usart.c...
compiling stm32f10x_wwdg.c...
compiling control.c...
compiling pwm.c...
linking...
Program Size: Code=2784 RO-data=336 RW-data=32 ZI-data=1832  
FromELF: creating hex file...
"..\OBJ\Template.axf" - 0 Error(s), 2 Warning(s).

<h2>Software Packages used:</h2>

Package Vendor: Keil
                http://www.keil.com/pack/Keil.STM32F1xx_DFP.1.1.0.pack
                Keil.STM32F1xx_DFP.1.1.0
                STMicroelectronics STM32F1 Series Device Support, Drivers and Examples

<h2>Collection of Component include folders:</h2>
  .\RTE\_Template
  E:\KEIL_MDK\Keil\STM32F1xx_DFP\1.1.0\Device\Include

<h2>Collection of Component Files used:</h2>
Build Time Elapsed:  00:00:05
</pre>
</body>
</html>
